{
  "Kind": "SingleResult",
  "Label": null,
  "Path": null,
  "Data": {
    "people": [
      {
        "firstname": "Johanny"
      },
      {
        "firstname": "Stacey"
      },
      {
        "firstname": "Susie"
      },
      {
        "firstname": "Johan"
      },
      {
        "firstname": "Celeste"
      }
    ]
  },
  "Items": null,
  "Errors": null,
  "Extensions": null,
  "Incremental": null,
  "ContextData": null,
  "HasNext": null
}
