{
  "ContentType": "application/graphql-response+json; charset=utf-8",
  "StatusCode": "OK",
  "Data": {
    "people": [
      {
        "firstname": "Johanny"
      },
      {
        "firstname": "Stacey"
      },
      {
        "firstname": "Susie"
      },
      {
        "firstname": "Celeste"
      }
    ]
  },
  "Errors": [],
  "Extensions": {}
}
