schema {
  query: Query
}

type Address {
  id: Int!
  streetNumber: Int!
  province: String!
  streetLine1: String!
  streetLine2: String!
  apartmentId: Int!
  apartment: Apartment!
}

type Apartment {
  id: Int!
  houseNumber: Int!
  name: String!
  price: Decimal!
  sellDate: DateTime
  apartmentType: ApartmentType!
}

type Person {
  id: Int!
  firstname: String!
  lastname: String!
  bio: String
  age: Int!
  married: Boolean!
  gender: Gender!
  weight: Float
  bankAccountBalance: Decimal
  refId: UUID!
  nonGraphQlSerialisedId: UUID!
  dateOfBirth: DateTime!
  marriageDate: DateTime
  idCardReceivedDate: DateTime
  createdAtDate: Date!
  updatedAtDate: Date
  addressId: Int
  address: Address
}

type Query {
  people(filters: MuiDataGridFilterInput sorting: [MuiDataGridSortItemInput!]): [Person!]!
  input(input: MuiDataGridFilterItemInput!): String
}

input MuiDataGridFilterInput {
  items: [MuiDataGridFilterItemInput!]!
  linkOperator: MuiDataGridLinkOperator
}

input MuiDataGridFilterItemInput {
  columnField: String!
  value: MuiValue
  operatorValue: String!
  id: Any
}

input MuiDataGridSortItemInput {
  field: String!
  sort: MuiGridSortDirection!
}

enum ApartmentType {
  RENTAL_PROPERTY
  OWNED_PROPERTY
}

enum Gender {
  MALE
  FEMALE
  OTHER
}

enum MuiDataGridLinkOperator {
  or
  and
}

enum MuiGridSortDirection {
  asc
  desc
}

"The `@oneOf` directive is used within the type system definition language\n to indicate:\n\n - an Input Object is a Oneof Input Object, or\n - an Object Type's Field is a Oneof Field."
directive @oneOf on INPUT_OBJECT

"The `@specifiedBy` directive is used within the type system definition language to provide a URL for specifying the behavior of custom scalar definitions."
directive @specifiedBy("The specifiedBy URL points to a human-readable specification. This field will only read a result for scalar types." url: String!) on SCALAR

scalar Any

"The `Date` scalar represents an ISO-8601 compliant date type."
scalar Date

"The `DateTime` scalar represents an ISO-8601 compliant date time type."
scalar DateTime @specifiedBy(url: "https:\/\/www.graphql-scalars.com\/date-time")

"The built-in `Decimal` scalar type."
scalar Decimal

scalar MuiValue

scalar UUID @specifiedBy(url: "https:\/\/tools.ietf.org\/html\/rfc4122")
