SELECT "p"."Id", "p"."AddressId", "p"."Age", "p"."BankAccountBalance", "p"."Bio", "p"."CreatedAtDate", "p"."DateOfBirth", "p"."Firstname", "p"."Gender", "p"."IdCardReceivedDate", "p"."Lastname", "p"."MarriageDate", "p"."Married", "p"."NonGraphQlSerialisedId", "p"."RefId", "p"."UpdatedAtDate", "p"."Weight"
FROM "People" AS "p"
WHERE "p"."RefId" = '9F1EF691-2C4B-4BDE-B0AC-635BDD4E180B'
